// Jest Snapshot v1, https://goo.gl/fbAQLP

exports[`<MoviesList/> renders correctly 1`] = `
<div
  className="catalog__movies-list"
>
  <article
    className="small-movie-card catalog__movies-card"
    onClick={[Function]}
    onMouseEnter={[Function]}
    onMouseLeave={[Function]}
  >
    <div
      className="small-movie-card__image"
    >
      <video
        className="player__video"
        muted={true}
        poster="https://pbs.twimg.com/media/EN6cAVzX4AIZT0W.jpg"
        src="https://upload.wikimedia.org/wikipedia/commons/1/19/Ziteil%2C_aerial_video.webm"
      />
      <img
        alt="No Country for Old Men"
        height="175"
        src="https://pbs.twimg.com/media/EN6cAVzX4AIZT0W.jpg"
        width="280"
      />
    </div>
    <h3
      className="small-movie-card__title"
      onClick={[Function]}
    >
      <a
        className="small-movie-card__link"
        href="movie-page.html"
      >
        No Country for Old Men
      </a>
    </h3>
  </article>
  <article
    className="small-movie-card catalog__movies-card"
    onClick={[Function]}
    onMouseEnter={[Function]}
    onMouseLeave={[Function]}
  >
    <div
      className="small-movie-card__image"
    >
      <video
        className="player__video"
        muted={true}
        poster="https://pbs.twimg.com/media/EN6cAVzX4AIZT0W.jpg"
        src="https://upload.wikimedia.org/wikipedia/commons/1/19/Ziteil%2C_aerial_video.webm"
      />
      <img
        alt="No Country for Old Men"
        height="175"
        src="https://pbs.twimg.com/media/EN6cAVzX4AIZT0W.jpg"
        width="280"
      />
    </div>
    <h3
      className="small-movie-card__title"
      onClick={[Function]}
    >
      <a
        className="small-movie-card__link"
        href="movie-page.html"
      >
        No Country for Old Men
      </a>
    </h3>
  </article>
</div>
`;
