// Jest Snapshot v1, https://goo.gl/fbAQLP

exports[`<VideoPlayer/> renders correctly 1`] = `
<video
  className="player__video"
  muted={true}
  poster="https://www.film.ru/sites/default/files/movies/posters/1610055-574057.jpg"
  src="https://download.blender.org/durian/trailer/sintel_trailer-480p.mp4"
/>
`;
